current directory: /home/navelan.e/RubyApp/App/vendor/bundle/ruby/3.2.0/gems/psych-5.3.1/ext/psych
/home/navelan.e/.rvm/rubies/ruby-3.2.2/bin/ruby extconf.rb
creating Makefile

current directory: /home/navelan.e/RubyApp/App/vendor/bundle/ruby/3.2.0/gems/psych-5.3.1/ext/psych
make DESTDIR\= sitearchdir\=./.gem.20260413-38917-hbpc10 sitelibdir\=./.gem.20260413-38917-hbpc10 clean
cd libyaml && make clean
/bin/sh: 1: cd: can't cd to libyaml
make: [Makefile:283: clean-so] Error 2 (ignored)

current directory: /home/navelan.e/RubyApp/App/vendor/bundle/ruby/3.2.0/gems/psych-5.3.1/ext/psych
make DESTDIR\= sitearchdir\=./.gem.20260413-38917-hbpc10 sitelibdir\=./.gem.20260413-38917-hbpc10
compiling psych.c
compiling psych_emitter.c
compiling psych_parser.c
compiling psych_to_ruby.c
compiling psych_yaml_tree.c
linking shared-object psych.so

current directory: /home/navelan.e/RubyApp/App/vendor/bundle/ruby/3.2.0/gems/psych-5.3.1/ext/psych
make DESTDIR\= sitearchdir\=./.gem.20260413-38917-hbpc10 sitelibdir\=./.gem.20260413-38917-hbpc10 install
/usr/bin/install -m 0755 psych.so ./.gem.20260413-38917-hbpc10

current directory: /home/navelan.e/RubyApp/App/vendor/bundle/ruby/3.2.0/gems/psych-5.3.1/ext/psych
make DESTDIR\= sitearchdir\=./.gem.20260413-38917-hbpc10 sitelibdir\=./.gem.20260413-38917-hbpc10 clean
cd libyaml && make clean
/bin/sh: 1: cd: can't cd to libyaml
make: [Makefile:283: clean-so] Error 2 (ignored)
