current directory: /home/navelan.e/RubyApp/App/vendor/bundle/ruby/3.2.0/gems/puma-8.0.0/ext/puma_http11
/home/navelan.e/.rvm/rubies/ruby-3.2.2/bin/ruby extconf.rb
──── Using OpenSSL pkgconfig (openssl.pc) ────
checking for openssl/bio.h... yes

──── Below are yes for 1.0.2 & later ────
checking for DTLS_method() in openssl/ssl.h... yes
checking for SSL_CTX_set_session_cache_mode(NULL, 0) in openssl/ssl.h... yes

──── Below are yes for 1.1.0 & later ────
checking for TLS_server_method() in openssl/ssl.h... yes
checking for SSL_CTX_set_min_proto_version(NULL, 0) in openssl/ssl.h... yes

──── Below is yes for 1.1.0 and later, but isn't documented until 3.0.0 ────
checking for SSL_CTX_set_dh_auto(NULL, 0) in openssl/ssl.h... yes

──── Below is yes for 1.1.1 & later ────
checking for SSL_CTX_set_ciphersuites(NULL, "") in openssl/ssl.h... yes

──── Below is yes for 3.0.0 & later ────
checking for SSL_get1_peer_certificate() in openssl/ssl.h... yes

creating Makefile

current directory: /home/navelan.e/RubyApp/App/vendor/bundle/ruby/3.2.0/gems/puma-8.0.0/ext/puma_http11
make DESTDIR\= sitearchdir\=./.gem.20260413-38917-cfnr2p sitelibdir\=./.gem.20260413-38917-cfnr2p clean

current directory: /home/navelan.e/RubyApp/App/vendor/bundle/ruby/3.2.0/gems/puma-8.0.0/ext/puma_http11
make DESTDIR\= sitearchdir\=./.gem.20260413-38917-cfnr2p sitelibdir\=./.gem.20260413-38917-cfnr2p
compiling http11_parser.c
compiling mini_ssl.c
compiling puma_http11.c
linking shared-object puma/puma_http11.so

current directory: /home/navelan.e/RubyApp/App/vendor/bundle/ruby/3.2.0/gems/puma-8.0.0/ext/puma_http11
make DESTDIR\= sitearchdir\=./.gem.20260413-38917-cfnr2p sitelibdir\=./.gem.20260413-38917-cfnr2p install
/usr/bin/install -m 0755 puma_http11.so ./.gem.20260413-38917-cfnr2p/puma

current directory: /home/navelan.e/RubyApp/App/vendor/bundle/ruby/3.2.0/gems/puma-8.0.0/ext/puma_http11
make DESTDIR\= sitearchdir\=./.gem.20260413-38917-cfnr2p sitelibdir\=./.gem.20260413-38917-cfnr2p clean
