current directory: /home/navelan.e/RubyApp/App/vendor/bundle/ruby/3.2.0/gems/date-3.5.1/ext/date
/home/navelan.e/.rvm/rubies/ruby-3.2.2/bin/ruby extconf.rb
checking for rb_category_warn()... yes
checking for timezone in time.h with  -Werror... yes
checking for altzone in time.h with  -Werror... no
creating Makefile

current directory: /home/navelan.e/RubyApp/App/vendor/bundle/ruby/3.2.0/gems/date-3.5.1/ext/date
make DESTDIR\= sitearchdir\=./.gem.20260413-38917-ub8nb sitelibdir\=./.gem.20260413-38917-ub8nb clean

current directory: /home/navelan.e/RubyApp/App/vendor/bundle/ruby/3.2.0/gems/date-3.5.1/ext/date
make DESTDIR\= sitearchdir\=./.gem.20260413-38917-ub8nb sitelibdir\=./.gem.20260413-38917-ub8nb
compiling date_core.c
compiling date_parse.c
compiling date_strftime.c
compiling date_strptime.c
linking shared-object date_core.so

current directory: /home/navelan.e/RubyApp/App/vendor/bundle/ruby/3.2.0/gems/date-3.5.1/ext/date
make DESTDIR\= sitearchdir\=./.gem.20260413-38917-ub8nb sitelibdir\=./.gem.20260413-38917-ub8nb install
/usr/bin/install -m 0755 date_core.so ./.gem.20260413-38917-ub8nb

current directory: /home/navelan.e/RubyApp/App/vendor/bundle/ruby/3.2.0/gems/date-3.5.1/ext/date
make DESTDIR\= sitearchdir\=./.gem.20260413-38917-ub8nb sitelibdir\=./.gem.20260413-38917-ub8nb clean
